// Jest Snapshot v1, https://goo.gl/fbAQLP

exports[`renders correctly 1`] = `
<View
  style={
    Object {
      "flex": 1,
      "height": 1334,
    }
  }
  virtual={undefined}
>
  <RCTScrollView
    automaticallyAdjustContentInsets={false}
    contentContainerStyle={
      Array [
        Object {
          "padding": undefined,
        },
        undefined,
      ]
    }
    contentInset={
      Object {
        "bottom": 0,
      }
    }
    enableAutomaticScroll={true}
    enableResetScrollToCoords={true}
    extraHeight={75}
    extraScrollHeight={0}
    getScrollResponder={[Function]}
    handleOnScroll={[Function]}
    keyboardDismissMode="interactive"
    keyboardOpeningTime={250}
    keyboardShouldPersistTaps="handled"
    keyboardSpace={0}
    onScroll={[Function]}
    resetKeyboardSpace={[Function]}
    resetScrollToCoords={
      Object {
        "x": 0,
        "y": 0,
      }
    }
    scrollEventThrottle={1}
    scrollForExtraHeightOnAndroid={[Function]}
    scrollToEnd={[Function]}
    scrollToFocusedInput={[Function]}
    scrollToPosition={[Function]}
    showsVerticalScrollIndicator={true}
    style={
      Object {
        "backgroundColor": "transparent",
        "flex": 1,
      }
    }
    viewIsInsideTabBar={false}
    virtual={undefined}
  >
    <View>
      <View
        accessibilityComponentType={undefined}
        accessibilityLabel={undefined}
        accessibilityTraits={undefined}
        accessible={true}
        collapsable={undefined}
        hasTVPreferredFocus={undefined}
        hitSlop={undefined}
        isTVSelectable={true}
        nativeID={undefined}
        onLayout={undefined}
        onResponderGrant={[Function]}
        onResponderMove={[Function]}
        onResponderRelease={[Function]}
        onResponderTerminate={[Function]}
        onResponderTerminationRequest={[Function]}
        onStartShouldSetResponder={[Function]}
        style={
          Object {
            "alignItems": "center",
            "alignSelf": "center",
            "backgroundColor": "#5f4b8b",
            "borderBottomWidth": null,
            "borderColor": "#5f4b8b",
            "borderLeftWidth": null,
            "borderRadius": 57,
            "borderRightWidth": null,
            "borderTopWidth": null,
            "elevation": 2,
            "flexDirection": "row",
            "height": 50,
            "justifyContent": "center",
            "marginBottom": 0,
            "marginTop": 30,
            "opacity": 1,
            "paddingBottom": 6,
            "paddingHorizontal": 20,
            "paddingTop": 6,
            "width": 170,
          }
        }
        testID={undefined}
        tvParallaxProperties={undefined}
      >
        <Text
          accessible={true}
          allowFontScaling={true}
          ellipsizeMode="tail"
          style={
            Array [
              Object {
                "backgroundColor": "transparent",
                "color": "#000",
                "fontFamily": "System",
                "fontSize": 16.5,
                "lineHeight": 19,
                "marginLeft": 0,
                "marginRight": 0,
                "paddingLeft": 16,
                "paddingRight": 16,
              },
              Object {
                "alignItems": "center",
                "color": "#ffffff",
                "fontFamily": "Raleway",
                "fontSize": 15,
                "marginLeft": 35,
              },
            ]
          }
          uppercase={false}
          virtual={undefined}
        />
        <Text
          accessible={true}
          allowFontScaling={false}
          ellipsizeMode="tail"
          style={
            Array [
              Object {
                "color": undefined,
                "fontSize": 12,
              },
              Array [
                Object {
                  "color": "#000",
                  "fontSize": 30,
                },
                Object {
                  "color": "#000",
                  "fontSize": 24,
                  "marginLeft": 16,
                  "marginRight": 16,
                  "paddingTop": 2,
                },
                Object {
                  "color": "#ffffff",
                  "height": 25,
                  "marginRight": 40,
                  "width": 25,
                },
              ],
              Object {
                "fontFamily": "Material Icons",
                "fontStyle": "normal",
                "fontWeight": "normal",
              },
            ]
          }
          type="MaterialIcons"
          virtual={undefined}
        >
          
        </Text>
      </View>
    </View>
  </RCTScrollView>
</View>
`;
