// Jest Snapshot v1, https://goo.gl/fbAQLP

exports[`UserList snapshot test 1`] = `
ShallowWrapper {
  "length": 1,
  Symbol(enzyme.__root__): [Circular],
  Symbol(enzyme.__unrendered__): <EmployeeProfileScreen />,
  Symbol(enzyme.__renderer__): Object {
    "batchedUpdates": [Function],
    "getNode": [Function],
    "render": [Function],
    "simulateEvent": [Function],
    "unmount": [Function],
  },
  Symbol(enzyme.__node__): Object {
    "instance": null,
    "key": undefined,
    "nodeType": "class",
    "props": Object {
      "children": <View
        style={
          Object {
            "alignSelf": "center",
          }
        }
      >
        <Text
          accessible={true}
          allowFontScaling={true}
          ellipsizeMode="tail"
          style={
            Object {
              "alignSelf": "center",
              "fontSize": 30,
              "marginBottom": 15,
            }
          }
        />
        <Text
          accessible={true}
          allowFontScaling={true}
          ellipsizeMode="tail"
          style={
            Object {
              "alignSelf": "center",
              "fontSize": 20,
              "marginBottom": 15,
            }
          }
        >
          CRM/Matricula:
        </Text>
        <Text
          accessible={true}
          allowFontScaling={true}
          ellipsizeMode="tail"
          style={
            Object {
              "alignSelf": "center",
              "fontSize": 20,
              "marginBottom": 15,
            }
          }
        >
          setor: 
        </Text>
        <Text
          accessible={true}
          allowFontScaling={true}
          ellipsizeMode="tail"
          style={
            Object {
              "alignSelf": "center",
              "fontSize": 20,
              "marginBottom": 15,
            }
          }
        >
          Cirurgi達o
        </Text>
        <Text
          accessible={true}
          allowFontScaling={true}
          ellipsizeMode="tail"
          style={
            Object {
              "alignSelf": "center",
              "fontSize": 20,
              "marginBottom": 15,
            }
          }
        >
          Hospital do Gama
        </Text>
        <View
          style={
            Object {
              "height": 50,
            }
          }
        />
        <AGRButton
          onPress={[Function]}
          text="editar"
        />
      </View>,
      "style": Object {
        "backgroundColor": "#FFF",
        "flex": 1,
        "flexDirection": "column",
        "padding": 50,
      },
    },
    "ref": null,
    "rendered": Object {
      "instance": null,
      "key": undefined,
      "nodeType": "class",
      "props": Object {
        "children": Array [
          <Text
            accessible={true}
            allowFontScaling={true}
            ellipsizeMode="tail"
            style={
              Object {
                "alignSelf": "center",
                "fontSize": 30,
                "marginBottom": 15,
              }
            }
          />,
          <Text
            accessible={true}
            allowFontScaling={true}
            ellipsizeMode="tail"
            style={
              Object {
                "alignSelf": "center",
                "fontSize": 20,
                "marginBottom": 15,
              }
            }
          >
            CRM/Matricula:
          </Text>,
          <Text
            accessible={true}
            allowFontScaling={true}
            ellipsizeMode="tail"
            style={
              Object {
                "alignSelf": "center",
                "fontSize": 20,
                "marginBottom": 15,
              }
            }
          >
            setor: 
          </Text>,
          <Text
            accessible={true}
            allowFontScaling={true}
            ellipsizeMode="tail"
            style={
              Object {
                "alignSelf": "center",
                "fontSize": 20,
                "marginBottom": 15,
              }
            }
          >
            Cirurgi達o
          </Text>,
          <Text
            accessible={true}
            allowFontScaling={true}
            ellipsizeMode="tail"
            style={
              Object {
                "alignSelf": "center",
                "fontSize": 20,
                "marginBottom": 15,
              }
            }
          >
            Hospital do Gama
          </Text>,
          <View
            style={
              Object {
                "height": 50,
              }
            }
          />,
          <AGRButton
            onPress={[Function]}
            text="editar"
          />,
        ],
        "style": Object {
          "alignSelf": "center",
        },
      },
      "ref": null,
      "rendered": Array [
        Object {
          "instance": null,
          "key": undefined,
          "nodeType": "class",
          "props": Object {
            "accessible": true,
            "allowFontScaling": true,
            "children": undefined,
            "ellipsizeMode": "tail",
            "style": Object {
              "alignSelf": "center",
              "fontSize": 30,
              "marginBottom": 15,
            },
          },
          "ref": null,
          "rendered": null,
          "type": [Function],
        },
        Object {
          "instance": null,
          "key": undefined,
          "nodeType": "class",
          "props": Object {
            "accessible": true,
            "allowFontScaling": true,
            "children": Array [
              "CRM/Matricula:",
              undefined,
            ],
            "ellipsizeMode": "tail",
            "style": Object {
              "alignSelf": "center",
              "fontSize": 20,
              "marginBottom": 15,
            },
          },
          "ref": null,
          "rendered": Array [
            "CRM/Matricula:",
            undefined,
          ],
          "type": [Function],
        },
        Object {
          "instance": null,
          "key": undefined,
          "nodeType": "class",
          "props": Object {
            "accessible": true,
            "allowFontScaling": true,
            "children": Array [
              "setor: ",
              undefined,
            ],
            "ellipsizeMode": "tail",
            "style": Object {
              "alignSelf": "center",
              "fontSize": 20,
              "marginBottom": 15,
            },
          },
          "ref": null,
          "rendered": Array [
            "setor: ",
            undefined,
          ],
          "type": [Function],
        },
        Object {
          "instance": null,
          "key": undefined,
          "nodeType": "class",
          "props": Object {
            "accessible": true,
            "allowFontScaling": true,
            "children": "Cirurgi達o",
            "ellipsizeMode": "tail",
            "style": Object {
              "alignSelf": "center",
              "fontSize": 20,
              "marginBottom": 15,
            },
          },
          "ref": null,
          "rendered": "Cirurgi達o",
          "type": [Function],
        },
        Object {
          "instance": null,
          "key": undefined,
          "nodeType": "class",
          "props": Object {
            "accessible": true,
            "allowFontScaling": true,
            "children": "Hospital do Gama",
            "ellipsizeMode": "tail",
            "style": Object {
              "alignSelf": "center",
              "fontSize": 20,
              "marginBottom": 15,
            },
          },
          "ref": null,
          "rendered": "Hospital do Gama",
          "type": [Function],
        },
        Object {
          "instance": null,
          "key": undefined,
          "nodeType": "class",
          "props": Object {
            "style": Object {
              "height": 50,
            },
          },
          "ref": null,
          "rendered": null,
          "type": [Function],
        },
        Object {
          "instance": null,
          "key": undefined,
          "nodeType": "class",
          "props": Object {
            "onPress": [Function],
            "text": "editar",
          },
          "ref": null,
          "rendered": null,
          "type": [Function],
        },
      ],
      "type": [Function],
    },
    "type": [Function],
  },
  Symbol(enzyme.__nodes__): Array [
    Object {
      "instance": null,
      "key": undefined,
      "nodeType": "class",
      "props": Object {
        "children": <View
          style={
            Object {
              "alignSelf": "center",
            }
          }
        >
          <Text
            accessible={true}
            allowFontScaling={true}
            ellipsizeMode="tail"
            style={
              Object {
                "alignSelf": "center",
                "fontSize": 30,
                "marginBottom": 15,
              }
            }
          />
          <Text
            accessible={true}
            allowFontScaling={true}
            ellipsizeMode="tail"
            style={
              Object {
                "alignSelf": "center",
                "fontSize": 20,
                "marginBottom": 15,
              }
            }
          >
            CRM/Matricula:
          </Text>
          <Text
            accessible={true}
            allowFontScaling={true}
            ellipsizeMode="tail"
            style={
              Object {
                "alignSelf": "center",
                "fontSize": 20,
                "marginBottom": 15,
              }
            }
          >
            setor: 
          </Text>
          <Text
            accessible={true}
            allowFontScaling={true}
            ellipsizeMode="tail"
            style={
              Object {
                "alignSelf": "center",
                "fontSize": 20,
                "marginBottom": 15,
              }
            }
          >
            Cirurgi達o
          </Text>
          <Text
            accessible={true}
            allowFontScaling={true}
            ellipsizeMode="tail"
            style={
              Object {
                "alignSelf": "center",
                "fontSize": 20,
                "marginBottom": 15,
              }
            }
          >
            Hospital do Gama
          </Text>
          <View
            style={
              Object {
                "height": 50,
              }
            }
          />
          <AGRButton
            onPress={[Function]}
            text="editar"
          />
        </View>,
        "style": Object {
          "backgroundColor": "#FFF",
          "flex": 1,
          "flexDirection": "column",
          "padding": 50,
        },
      },
      "ref": null,
      "rendered": Object {
        "instance": null,
        "key": undefined,
        "nodeType": "class",
        "props": Object {
          "children": Array [
            <Text
              accessible={true}
              allowFontScaling={true}
              ellipsizeMode="tail"
              style={
                Object {
                  "alignSelf": "center",
                  "fontSize": 30,
                  "marginBottom": 15,
                }
              }
            />,
            <Text
              accessible={true}
              allowFontScaling={true}
              ellipsizeMode="tail"
              style={
                Object {
                  "alignSelf": "center",
                  "fontSize": 20,
                  "marginBottom": 15,
                }
              }
            >
              CRM/Matricula:
            </Text>,
            <Text
              accessible={true}
              allowFontScaling={true}
              ellipsizeMode="tail"
              style={
                Object {
                  "alignSelf": "center",
                  "fontSize": 20,
                  "marginBottom": 15,
                }
              }
            >
              setor: 
            </Text>,
            <Text
              accessible={true}
              allowFontScaling={true}
              ellipsizeMode="tail"
              style={
                Object {
                  "alignSelf": "center",
                  "fontSize": 20,
                  "marginBottom": 15,
                }
              }
            >
              Cirurgi達o
            </Text>,
            <Text
              accessible={true}
              allowFontScaling={true}
              ellipsizeMode="tail"
              style={
                Object {
                  "alignSelf": "center",
                  "fontSize": 20,
                  "marginBottom": 15,
                }
              }
            >
              Hospital do Gama
            </Text>,
            <View
              style={
                Object {
                  "height": 50,
                }
              }
            />,
            <AGRButton
              onPress={[Function]}
              text="editar"
            />,
          ],
          "style": Object {
            "alignSelf": "center",
          },
        },
        "ref": null,
        "rendered": Array [
          Object {
            "instance": null,
            "key": undefined,
            "nodeType": "class",
            "props": Object {
              "accessible": true,
              "allowFontScaling": true,
              "children": undefined,
              "ellipsizeMode": "tail",
              "style": Object {
                "alignSelf": "center",
                "fontSize": 30,
                "marginBottom": 15,
              },
            },
            "ref": null,
            "rendered": null,
            "type": [Function],
          },
          Object {
            "instance": null,
            "key": undefined,
            "nodeType": "class",
            "props": Object {
              "accessible": true,
              "allowFontScaling": true,
              "children": Array [
                "CRM/Matricula:",
                undefined,
              ],
              "ellipsizeMode": "tail",
              "style": Object {
                "alignSelf": "center",
                "fontSize": 20,
                "marginBottom": 15,
              },
            },
            "ref": null,
            "rendered": Array [
              "CRM/Matricula:",
              undefined,
            ],
            "type": [Function],
          },
          Object {
            "instance": null,
            "key": undefined,
            "nodeType": "class",
            "props": Object {
              "accessible": true,
              "allowFontScaling": true,
              "children": Array [
                "setor: ",
                undefined,
              ],
              "ellipsizeMode": "tail",
              "style": Object {
                "alignSelf": "center",
                "fontSize": 20,
                "marginBottom": 15,
              },
            },
            "ref": null,
            "rendered": Array [
              "setor: ",
              undefined,
            ],
            "type": [Function],
          },
          Object {
            "instance": null,
            "key": undefined,
            "nodeType": "class",
            "props": Object {
              "accessible": true,
              "allowFontScaling": true,
              "children": "Cirurgi達o",
              "ellipsizeMode": "tail",
              "style": Object {
                "alignSelf": "center",
                "fontSize": 20,
                "marginBottom": 15,
              },
            },
            "ref": null,
            "rendered": "Cirurgi達o",
            "type": [Function],
          },
          Object {
            "instance": null,
            "key": undefined,
            "nodeType": "class",
            "props": Object {
              "accessible": true,
              "allowFontScaling": true,
              "children": "Hospital do Gama",
              "ellipsizeMode": "tail",
              "style": Object {
                "alignSelf": "center",
                "fontSize": 20,
                "marginBottom": 15,
              },
            },
            "ref": null,
            "rendered": "Hospital do Gama",
            "type": [Function],
          },
          Object {
            "instance": null,
            "key": undefined,
            "nodeType": "class",
            "props": Object {
              "style": Object {
                "height": 50,
              },
            },
            "ref": null,
            "rendered": null,
            "type": [Function],
          },
          Object {
            "instance": null,
            "key": undefined,
            "nodeType": "class",
            "props": Object {
              "onPress": [Function],
              "text": "editar",
            },
            "ref": null,
            "rendered": null,
            "type": [Function],
          },
        ],
        "type": [Function],
      },
      "type": [Function],
    },
  ],
  Symbol(enzyme.__options__): Object {
    "adapter": ReactSixteenAdapter {
      "options": Object {
        "enableComponentDidUpdateOnSetState": true,
      },
    },
  },
}
`;

exports[`renders correctly 1`] = `
<View
  style={
    Object {
      "backgroundColor": "#FFF",
      "flex": 1,
      "flexDirection": "column",
      "padding": 50,
    }
  }
>
  <Text
    accessible={true}
    allowFontScaling={true}
    ellipsizeMode="tail"
    style={
      Object {
        "alignSelf": "center",
        "fontSize": 20,
        "marginBottom": 15,
      }
    }
  >
    Carregando...
  </Text>
</View>
`;
