// Jest Snapshot v1, https://goo.gl/fbAQLP

exports[`renders correctly 1`] = `
<View
  style={
    Object {
      "backgroundColor": "#FFF",
      "flex": 1,
      "flexDirection": "column",
      "padding": 20,
    }
  }
>
  <View>
    <View
      style={
        Array [
          Object {
            "backgroundColor": "#F8F8F8",
            "borderBottomColor": "#a7a6ab",
            "borderBottomWidth": 0.5,
            "elevation": 3,
            "flexDirection": "row",
            "height": 64,
            "justifyContent": "center",
            "left": 0,
            "paddingLeft": 10,
            "paddingRight": 10,
            "paddingTop": 15,
            "right": 0,
            "shadowColor": undefined,
            "shadowOffset": undefined,
            "shadowOpacity": undefined,
            "shadowRadius": undefined,
            "top": 0,
          },
          Object {
            "backgroundColor": "#5f4b8b",
          },
        ]
      }
      virtual={undefined}
    >
      <View
        style={
          Object {
            "alignItems": "center",
            "alignSelf": "center",
            "flex": 1,
          }
        }
        virtual={undefined}
      >
        <Text
          accessible={true}
          allowFontScaling={true}
          ellipsizeMode="tail"
          numberOfLines={1}
          style={
            Array [
              Object {
                "color": "#000",
                "fontFamily": "System",
                "fontSize": 17,
                "fontWeight": "600",
                "textAlign": "center",
              },
              Object {
                "fontFamily": "Raleway",
              },
            ]
          }
          virtual={undefined}
        >
           
          Meu perfil
           
        </Text>
      </View>
    </View>
  </View>
  <View
    style={
      Object {
        "flex": 1,
        "height": 1334,
      }
    }
    virtual={undefined}
  >
    <RCTScrollView
      automaticallyAdjustContentInsets={false}
      contentContainerStyle={
        Array [
          Object {
            "padding": undefined,
          },
          undefined,
        ]
      }
      contentInset={
        Object {
          "bottom": 0,
        }
      }
      enableAutomaticScroll={true}
      enableResetScrollToCoords={true}
      extraHeight={75}
      extraScrollHeight={0}
      getScrollResponder={[Function]}
      handleOnScroll={[Function]}
      keyboardDismissMode="interactive"
      keyboardOpeningTime={250}
      keyboardShouldPersistTaps="handled"
      keyboardSpace={0}
      onScroll={[Function]}
      resetKeyboardSpace={[Function]}
      resetScrollToCoords={
        Object {
          "x": 0,
          "y": 0,
        }
      }
      scrollEventThrottle={1}
      scrollForExtraHeightOnAndroid={[Function]}
      scrollToEnd={[Function]}
      scrollToFocusedInput={[Function]}
      scrollToPosition={[Function]}
      showsVerticalScrollIndicator={true}
      style={
        Object {
          "backgroundColor": "transparent",
          "flex": 1,
        }
      }
      viewIsInsideTabBar={false}
      virtual={undefined}
    >
      <View>
        <ActivityIndicator
          animating={true}
          color="#5f4b8b"
          hidesWhenStopped={true}
          size="large"
          style={
            Object {
              "height": 80,
            }
          }
          virtual={undefined}
        />
      </View>
    </RCTScrollView>
     
  </View>
</View>
`;

exports[`testing axios 1`] = `
ShallowWrapper {
  "length": 1,
  Symbol(enzyme.__root__): [Circular],
  Symbol(enzyme.__unrendered__): <ProfileScreen
    navigation={
      Object {
        "state": Object {
          "params": Object {
            "userId": 1,
          },
        },
      }
    }
  />,
  Symbol(enzyme.__renderer__): Object {
    "batchedUpdates": [Function],
    "getNode": [Function],
    "render": [Function],
    "simulateEvent": [Function],
    "unmount": [Function],
  },
  Symbol(enzyme.__node__): Object {
    "instance": null,
    "key": undefined,
    "nodeType": "class",
    "props": Object {
      "children": Array [
        <ScreenHeader
          title="Meu perfil"
        />,
        <View
          style={
            Object {
              "alignSelf": "center",
            }
          }
        >
          <SmallLogo />
          <Text
            accessible={true}
            allowFontScaling={true}
            ellipsizeMode="tail"
            style={
              Object {
                "alignSelf": "center",
                "fontSize": 30,
                "marginBottom": 15,
              }
            }
          />
          <Text
            accessible={true}
            allowFontScaling={true}
            ellipsizeMode="tail"
            style={
              Object {
                "alignSelf": "center",
                "fontSize": 20,
                "marginBottom": 15,
              }
            }
          >
            Matrícula:
          </Text>
          <Text
            accessible={true}
            allowFontScaling={true}
            ellipsizeMode="tail"
            style={
              Object {
                "alignSelf": "center",
                "fontSize": 20,
                "marginBottom": 15,
              }
            }
          >
            Setor: 
          </Text>
          <Text
            accessible={true}
            allowFontScaling={true}
            ellipsizeMode="tail"
            style={
              Object {
                "alignSelf": "center",
                "fontSize": 20,
                "marginBottom": 15,
              }
            }
          >
            Hospital: 
          </Text>
          <View
            style={
              Object {
                "alignItems": "center",
                "justifyContent": "center",
              }
            }
          >
            <ScaleIcon
              onPress={[Function]}
            />
          </View>
        </View>,
      ],
      "style": Object {
        "backgroundColor": "#FFF",
        "flex": 1,
        "flexDirection": "column",
        "padding": 20,
      },
    },
    "ref": null,
    "rendered": Array [
      Object {
        "instance": null,
        "key": undefined,
        "nodeType": "class",
        "props": Object {
          "title": "Meu perfil",
        },
        "ref": null,
        "rendered": null,
        "type": [Function],
      },
      Object {
        "instance": null,
        "key": undefined,
        "nodeType": "class",
        "props": Object {
          "children": Array [
            <SmallLogo />,
            <Text
              accessible={true}
              allowFontScaling={true}
              ellipsizeMode="tail"
              style={
                Object {
                  "alignSelf": "center",
                  "fontSize": 30,
                  "marginBottom": 15,
                }
              }
            />,
            <Text
              accessible={true}
              allowFontScaling={true}
              ellipsizeMode="tail"
              style={
                Object {
                  "alignSelf": "center",
                  "fontSize": 20,
                  "marginBottom": 15,
                }
              }
            >
              Matrícula:
            </Text>,
            <Text
              accessible={true}
              allowFontScaling={true}
              ellipsizeMode="tail"
              style={
                Object {
                  "alignSelf": "center",
                  "fontSize": 20,
                  "marginBottom": 15,
                }
              }
            >
              Setor: 
            </Text>,
            <Text
              accessible={true}
              allowFontScaling={true}
              ellipsizeMode="tail"
              style={
                Object {
                  "alignSelf": "center",
                  "fontSize": 20,
                  "marginBottom": 15,
                }
              }
            >
              Hospital: 
            </Text>,
            <View
              style={
                Object {
                  "alignItems": "center",
                  "justifyContent": "center",
                }
              }
            >
              <ScaleIcon
                onPress={[Function]}
              />
            </View>,
          ],
          "style": Object {
            "alignSelf": "center",
          },
        },
        "ref": null,
        "rendered": Array [
          Object {
            "instance": null,
            "key": undefined,
            "nodeType": "class",
            "props": Object {},
            "ref": null,
            "rendered": null,
            "type": [Function],
          },
          Object {
            "instance": null,
            "key": undefined,
            "nodeType": "class",
            "props": Object {
              "accessible": true,
              "allowFontScaling": true,
              "children": undefined,
              "ellipsizeMode": "tail",
              "style": Object {
                "alignSelf": "center",
                "fontSize": 30,
                "marginBottom": 15,
              },
            },
            "ref": null,
            "rendered": null,
            "type": [Function],
          },
          Object {
            "instance": null,
            "key": undefined,
            "nodeType": "class",
            "props": Object {
              "accessible": true,
              "allowFontScaling": true,
              "children": Array [
                "Matrícula:",
                undefined,
              ],
              "ellipsizeMode": "tail",
              "style": Object {
                "alignSelf": "center",
                "fontSize": 20,
                "marginBottom": 15,
              },
            },
            "ref": null,
            "rendered": Array [
              "Matrícula:",
              undefined,
            ],
            "type": [Function],
          },
          Object {
            "instance": null,
            "key": undefined,
            "nodeType": "class",
            "props": Object {
              "accessible": true,
              "allowFontScaling": true,
              "children": Array [
                "Setor: ",
                undefined,
              ],
              "ellipsizeMode": "tail",
              "style": Object {
                "alignSelf": "center",
                "fontSize": 20,
                "marginBottom": 15,
              },
            },
            "ref": null,
            "rendered": Array [
              "Setor: ",
              undefined,
            ],
            "type": [Function],
          },
          Object {
            "instance": null,
            "key": undefined,
            "nodeType": "class",
            "props": Object {
              "accessible": true,
              "allowFontScaling": true,
              "children": Array [
                "Hospital: ",
                undefined,
              ],
              "ellipsizeMode": "tail",
              "style": Object {
                "alignSelf": "center",
                "fontSize": 20,
                "marginBottom": 15,
              },
            },
            "ref": null,
            "rendered": Array [
              "Hospital: ",
              undefined,
            ],
            "type": [Function],
          },
          Object {
            "instance": null,
            "key": undefined,
            "nodeType": "class",
            "props": Object {
              "children": <ScaleIcon
                onPress={[Function]}
              />,
              "style": Object {
                "alignItems": "center",
                "justifyContent": "center",
              },
            },
            "ref": null,
            "rendered": Object {
              "instance": null,
              "key": undefined,
              "nodeType": "class",
              "props": Object {
                "onPress": [Function],
              },
              "ref": null,
              "rendered": null,
              "type": [Function],
            },
            "type": [Function],
          },
        ],
        "type": [Function],
      },
    ],
    "type": [Function],
  },
  Symbol(enzyme.__nodes__): Array [
    Object {
      "instance": null,
      "key": undefined,
      "nodeType": "class",
      "props": Object {
        "children": Array [
          <ScreenHeader
            title="Meu perfil"
          />,
          <View
            style={
              Object {
                "alignSelf": "center",
              }
            }
          >
            <SmallLogo />
            <Text
              accessible={true}
              allowFontScaling={true}
              ellipsizeMode="tail"
              style={
                Object {
                  "alignSelf": "center",
                  "fontSize": 30,
                  "marginBottom": 15,
                }
              }
            />
            <Text
              accessible={true}
              allowFontScaling={true}
              ellipsizeMode="tail"
              style={
                Object {
                  "alignSelf": "center",
                  "fontSize": 20,
                  "marginBottom": 15,
                }
              }
            >
              Matrícula:
            </Text>
            <Text
              accessible={true}
              allowFontScaling={true}
              ellipsizeMode="tail"
              style={
                Object {
                  "alignSelf": "center",
                  "fontSize": 20,
                  "marginBottom": 15,
                }
              }
            >
              Setor: 
            </Text>
            <Text
              accessible={true}
              allowFontScaling={true}
              ellipsizeMode="tail"
              style={
                Object {
                  "alignSelf": "center",
                  "fontSize": 20,
                  "marginBottom": 15,
                }
              }
            >
              Hospital: 
            </Text>
            <View
              style={
                Object {
                  "alignItems": "center",
                  "justifyContent": "center",
                }
              }
            >
              <ScaleIcon
                onPress={[Function]}
              />
            </View>
          </View>,
        ],
        "style": Object {
          "backgroundColor": "#FFF",
          "flex": 1,
          "flexDirection": "column",
          "padding": 20,
        },
      },
      "ref": null,
      "rendered": Array [
        Object {
          "instance": null,
          "key": undefined,
          "nodeType": "class",
          "props": Object {
            "title": "Meu perfil",
          },
          "ref": null,
          "rendered": null,
          "type": [Function],
        },
        Object {
          "instance": null,
          "key": undefined,
          "nodeType": "class",
          "props": Object {
            "children": Array [
              <SmallLogo />,
              <Text
                accessible={true}
                allowFontScaling={true}
                ellipsizeMode="tail"
                style={
                  Object {
                    "alignSelf": "center",
                    "fontSize": 30,
                    "marginBottom": 15,
                  }
                }
              />,
              <Text
                accessible={true}
                allowFontScaling={true}
                ellipsizeMode="tail"
                style={
                  Object {
                    "alignSelf": "center",
                    "fontSize": 20,
                    "marginBottom": 15,
                  }
                }
              >
                Matrícula:
              </Text>,
              <Text
                accessible={true}
                allowFontScaling={true}
                ellipsizeMode="tail"
                style={
                  Object {
                    "alignSelf": "center",
                    "fontSize": 20,
                    "marginBottom": 15,
                  }
                }
              >
                Setor: 
              </Text>,
              <Text
                accessible={true}
                allowFontScaling={true}
                ellipsizeMode="tail"
                style={
                  Object {
                    "alignSelf": "center",
                    "fontSize": 20,
                    "marginBottom": 15,
                  }
                }
              >
                Hospital: 
              </Text>,
              <View
                style={
                  Object {
                    "alignItems": "center",
                    "justifyContent": "center",
                  }
                }
              >
                <ScaleIcon
                  onPress={[Function]}
                />
              </View>,
            ],
            "style": Object {
              "alignSelf": "center",
            },
          },
          "ref": null,
          "rendered": Array [
            Object {
              "instance": null,
              "key": undefined,
              "nodeType": "class",
              "props": Object {},
              "ref": null,
              "rendered": null,
              "type": [Function],
            },
            Object {
              "instance": null,
              "key": undefined,
              "nodeType": "class",
              "props": Object {
                "accessible": true,
                "allowFontScaling": true,
                "children": undefined,
                "ellipsizeMode": "tail",
                "style": Object {
                  "alignSelf": "center",
                  "fontSize": 30,
                  "marginBottom": 15,
                },
              },
              "ref": null,
              "rendered": null,
              "type": [Function],
            },
            Object {
              "instance": null,
              "key": undefined,
              "nodeType": "class",
              "props": Object {
                "accessible": true,
                "allowFontScaling": true,
                "children": Array [
                  "Matrícula:",
                  undefined,
                ],
                "ellipsizeMode": "tail",
                "style": Object {
                  "alignSelf": "center",
                  "fontSize": 20,
                  "marginBottom": 15,
                },
              },
              "ref": null,
              "rendered": Array [
                "Matrícula:",
                undefined,
              ],
              "type": [Function],
            },
            Object {
              "instance": null,
              "key": undefined,
              "nodeType": "class",
              "props": Object {
                "accessible": true,
                "allowFontScaling": true,
                "children": Array [
                  "Setor: ",
                  undefined,
                ],
                "ellipsizeMode": "tail",
                "style": Object {
                  "alignSelf": "center",
                  "fontSize": 20,
                  "marginBottom": 15,
                },
              },
              "ref": null,
              "rendered": Array [
                "Setor: ",
                undefined,
              ],
              "type": [Function],
            },
            Object {
              "instance": null,
              "key": undefined,
              "nodeType": "class",
              "props": Object {
                "accessible": true,
                "allowFontScaling": true,
                "children": Array [
                  "Hospital: ",
                  undefined,
                ],
                "ellipsizeMode": "tail",
                "style": Object {
                  "alignSelf": "center",
                  "fontSize": 20,
                  "marginBottom": 15,
                },
              },
              "ref": null,
              "rendered": Array [
                "Hospital: ",
                undefined,
              ],
              "type": [Function],
            },
            Object {
              "instance": null,
              "key": undefined,
              "nodeType": "class",
              "props": Object {
                "children": <ScaleIcon
                  onPress={[Function]}
                />,
                "style": Object {
                  "alignItems": "center",
                  "justifyContent": "center",
                },
              },
              "ref": null,
              "rendered": Object {
                "instance": null,
                "key": undefined,
                "nodeType": "class",
                "props": Object {
                  "onPress": [Function],
                },
                "ref": null,
                "rendered": null,
                "type": [Function],
              },
              "type": [Function],
            },
          ],
          "type": [Function],
        },
      ],
      "type": [Function],
    },
  ],
  Symbol(enzyme.__options__): Object {
    "adapter": ReactSixteenAdapter {
      "options": Object {
        "enableComponentDidUpdateOnSetState": true,
      },
    },
  },
}
`;
