// Jest Snapshot v1, https://goo.gl/fbAQLP

exports[`renders correctly 1`] = `
<View
  onLayout={[Function]}
  style={
    Array [
      Object {
        "flex": 1,
      },
    ]
  }
>
  <View
    onMoveShouldSetResponder={[Function]}
    onMoveShouldSetResponderCapture={[Function]}
    onResponderEnd={[Function]}
    onResponderGrant={[Function]}
    onResponderMove={[Function]}
    onResponderReject={[Function]}
    onResponderRelease={[Function]}
    onResponderStart={[Function]}
    onResponderTerminate={[Function]}
    onResponderTerminationRequest={[Function]}
    onStartShouldSetResponder={[Function]}
    onStartShouldSetResponderCapture={[Function]}
    style={
      Array [
        Object {
          "flex": 1,
          "flexDirection": "column-reverse",
        },
        Object {
          "backgroundColor": "#000",
        },
      ]
    }
  >
    <View
      style={
        Object {
          "flex": 1,
        }
      }
    >
      <View
        collapsable={undefined}
        pointerEvents="auto"
        style={
          Object {
            "backgroundColor": "#EFEFF4",
            "bottom": 0,
            "left": 0,
            "opacity": 1,
            "position": "absolute",
            "right": 0,
            "shadowColor": "black",
            "shadowOffset": Object {
              "height": 0,
              "width": 0,
            },
            "shadowOpacity": 0.2,
            "shadowRadius": 5,
            "top": 0,
            "transform": Array [
              Object {
                "translateX": 0,
              },
              Object {
                "translateY": 0,
              },
            ],
          }
        }
      >
        <View
          style={
            Object {
              "backgroundColor": "#FFF",
              "flex": 1,
              "flexDirection": "column",
              "padding": 15,
            }
          }
        >
          <RCTScrollView>
            <View>
              <Image
                source={
                  Object {
                    "testUri": "../../../assets/img/logo.png",
                  }
                }
                style={
                  Object {
                    "alignSelf": "center",
                    "marginBottom": 40,
                    "marginTop": "20%",
                  }
                }
              />
              <View
                style={
                  Object {
                    "paddingHorizontal": 30,
                  }
                }
              >
                <TextInput
                  allowFontScaling={true}
                  autoCapitalize="none"
                  onChangeText={[Function]}
                  placeholder="MatrÃ­cula"
                  style={
                    Object {
                      "alignSelf": "center",
                      "borderBottomColor": "grey",
                      "borderBottomWidth": 1,
                      "height": 36,
                      "marginBottom": 10,
                      "marginTop": 30,
                      "width": "100%",
                    }
                  }
                  underlineColorAndroid="transparent"
                />
              </View>
              <View
                style={
                  Object {
                    "paddingHorizontal": 30,
                  }
                }
              >
                <TextInput
                  allowFontScaling={true}
                  onChangeText={[Function]}
                  placeholder="Senha"
                  secureTextEntry={true}
                  style={
                    Object {
                      "alignSelf": "center",
                      "borderBottomColor": "grey",
                      "borderBottomWidth": 1,
                      "height": 36,
                      "marginBottom": 10,
                      "marginTop": 30,
                      "width": "100%",
                    }
                  }
                  underlineColorAndroid="transparent"
                />
              </View>
              <View
                style={
                  Object {
                    "paddingHorizontal": 30,
                  }
                }
              >
                <View
                  accessibilityComponentType={undefined}
                  accessibilityLabel={undefined}
                  accessibilityTraits={undefined}
                  accessible={true}
                  hasTVPreferredFocus={undefined}
                  hitSlop={undefined}
                  isTVSelectable={true}
                  nativeID={undefined}
                  onLayout={undefined}
                  onResponderGrant={[Function]}
                  onResponderMove={[Function]}
                  onResponderRelease={[Function]}
                  onResponderTerminate={[Function]}
                  onResponderTerminationRequest={[Function]}
                  onStartShouldSetResponder={[Function]}
                  style={
                    Object {
                      "alignItems": "center",
                      "backgroundColor": "grey",
                      "height": 50,
                      "justifyContent": "center",
                      "marginTop": 30,
                      "paddingHorizontal": 50,
                    }
                  }
                  testID={undefined}
                  tvParallaxProperties={undefined}
                >
                  <Text
                    accessible={true}
                    allowFontScaling={true}
                    ellipsizeMode="tail"
                    style={
                      Object {
                        "color": "white",
                        "fontSize": 18,
                      }
                    }
                  >
                    Entrar
                  </Text>
                </View>
              </View>
            </View>
          </RCTScrollView>
        </View>
      </View>
    </View>
  </View>
</View>
`;
